/Users/cyril/Documents/work/SDK/STM32CubeExpansion_IOTA1_V2.0.0/Drivers/BSP/Components/hts221/hts221_reg.c:48:9:hts221_read_reg	40	static
/Users/cyril/Documents/work/SDK/STM32CubeExpansion_IOTA1_V2.0.0/Drivers/BSP/Components/hts221/hts221_reg.c:66:9:hts221_write_reg	40	static
/Users/cyril/Documents/work/SDK/STM32CubeExpansion_IOTA1_V2.0.0/Drivers/BSP/Components/hts221/hts221_reg.c:94:9:hts221_humidity_avg_set	24	static
/Users/cyril/Documents/work/SDK/STM32CubeExpansion_IOTA1_V2.0.0/Drivers/BSP/Components/hts221/hts221_reg.c:117:9:hts221_humidity_avg_get	24	static
/Users/cyril/Documents/work/SDK/STM32CubeExpansion_IOTA1_V2.0.0/Drivers/BSP/Components/hts221/hts221_reg.c:165:9:hts221_temperature_avg_set	24	static
/Users/cyril/Documents/work/SDK/STM32CubeExpansion_IOTA1_V2.0.0/Drivers/BSP/Components/hts221/hts221_reg.c:188:9:hts221_temperature_avg_get	24	static
/Users/cyril/Documents/work/SDK/STM32CubeExpansion_IOTA1_V2.0.0/Drivers/BSP/Components/hts221/hts221_reg.c:236:9:hts221_data_rate_set	24	static
/Users/cyril/Documents/work/SDK/STM32CubeExpansion_IOTA1_V2.0.0/Drivers/BSP/Components/hts221/hts221_reg.c:259:9:hts221_data_rate_get	24	static
/Users/cyril/Documents/work/SDK/STM32CubeExpansion_IOTA1_V2.0.0/Drivers/BSP/Components/hts221/hts221_reg.c:295:9:hts221_block_data_update_set	24	static
/Users/cyril/Documents/work/SDK/STM32CubeExpansion_IOTA1_V2.0.0/Drivers/BSP/Components/hts221/hts221_reg.c:318:9:hts221_block_data_update_get	24	static
/Users/cyril/Documents/work/SDK/STM32CubeExpansion_IOTA1_V2.0.0/Drivers/BSP/Components/hts221/hts221_reg.c:337:9:hts221_one_shoot_trigger_set	24	static
/Users/cyril/Documents/work/SDK/STM32CubeExpansion_IOTA1_V2.0.0/Drivers/BSP/Components/hts221/hts221_reg.c:360:9:hts221_one_shoot_trigger_get	24	static
/Users/cyril/Documents/work/SDK/STM32CubeExpansion_IOTA1_V2.0.0/Drivers/BSP/Components/hts221/hts221_reg.c:379:9:hts221_temp_data_ready_get	24	static
/Users/cyril/Documents/work/SDK/STM32CubeExpansion_IOTA1_V2.0.0/Drivers/BSP/Components/hts221/hts221_reg.c:398:9:hts221_hum_data_ready_get	24	static
/Users/cyril/Documents/work/SDK/STM32CubeExpansion_IOTA1_V2.0.0/Drivers/BSP/Components/hts221/hts221_reg.c:417:9:hts221_humidity_raw_get	24	static
/Users/cyril/Documents/work/SDK/STM32CubeExpansion_IOTA1_V2.0.0/Drivers/BSP/Components/hts221/hts221_reg.c:437:9:hts221_temperature_raw_get	24	static
/Users/cyril/Documents/work/SDK/STM32CubeExpansion_IOTA1_V2.0.0/Drivers/BSP/Components/hts221/hts221_reg.c:469:9:hts221_device_id_get	24	static
/Users/cyril/Documents/work/SDK/STM32CubeExpansion_IOTA1_V2.0.0/Drivers/BSP/Components/hts221/hts221_reg.c:484:9:hts221_power_on_set	24	static
/Users/cyril/Documents/work/SDK/STM32CubeExpansion_IOTA1_V2.0.0/Drivers/BSP/Components/hts221/hts221_reg.c:506:9:hts221_power_on_get	24	static
/Users/cyril/Documents/work/SDK/STM32CubeExpansion_IOTA1_V2.0.0/Drivers/BSP/Components/hts221/hts221_reg.c:525:9:hts221_heater_set	24	static
/Users/cyril/Documents/work/SDK/STM32CubeExpansion_IOTA1_V2.0.0/Drivers/BSP/Components/hts221/hts221_reg.c:548:9:hts221_heater_get	24	static
/Users/cyril/Documents/work/SDK/STM32CubeExpansion_IOTA1_V2.0.0/Drivers/BSP/Components/hts221/hts221_reg.c:567:9:hts221_boot_set	24	static
/Users/cyril/Documents/work/SDK/STM32CubeExpansion_IOTA1_V2.0.0/Drivers/BSP/Components/hts221/hts221_reg.c:590:9:hts221_boot_get	24	static
/Users/cyril/Documents/work/SDK/STM32CubeExpansion_IOTA1_V2.0.0/Drivers/BSP/Components/hts221/hts221_reg.c:609:9:hts221_status_get	24	static
/Users/cyril/Documents/work/SDK/STM32CubeExpansion_IOTA1_V2.0.0/Drivers/BSP/Components/hts221/hts221_reg.c:636:9:hts221_drdy_on_int_set	24	static
/Users/cyril/Documents/work/SDK/STM32CubeExpansion_IOTA1_V2.0.0/Drivers/BSP/Components/hts221/hts221_reg.c:659:9:hts221_drdy_on_int_get	24	static
/Users/cyril/Documents/work/SDK/STM32CubeExpansion_IOTA1_V2.0.0/Drivers/BSP/Components/hts221/hts221_reg.c:677:9:hts221_pin_mode_set	24	static
/Users/cyril/Documents/work/SDK/STM32CubeExpansion_IOTA1_V2.0.0/Drivers/BSP/Components/hts221/hts221_reg.c:700:9:hts221_pin_mode_get	24	static
/Users/cyril/Documents/work/SDK/STM32CubeExpansion_IOTA1_V2.0.0/Drivers/BSP/Components/hts221/hts221_reg.c:730:9:hts221_int_polarity_set	24	static
/Users/cyril/Documents/work/SDK/STM32CubeExpansion_IOTA1_V2.0.0/Drivers/BSP/Components/hts221/hts221_reg.c:753:9:hts221_int_polarity_get	24	static
/Users/cyril/Documents/work/SDK/STM32CubeExpansion_IOTA1_V2.0.0/Drivers/BSP/Components/hts221/hts221_reg.c:796:9:hts221_hum_rh_point_0_get	24	static
/Users/cyril/Documents/work/SDK/STM32CubeExpansion_IOTA1_V2.0.0/Drivers/BSP/Components/hts221/hts221_reg.c:815:9:hts221_hum_rh_point_1_get	24	static
/Users/cyril/Documents/work/SDK/STM32CubeExpansion_IOTA1_V2.0.0/Drivers/BSP/Components/hts221/hts221_reg.c:834:9:hts221_temp_deg_point_0_get	32	static
/Users/cyril/Documents/work/SDK/STM32CubeExpansion_IOTA1_V2.0.0/Drivers/BSP/Components/hts221/hts221_reg.c:859:9:hts221_temp_deg_point_1_get	32	static
/Users/cyril/Documents/work/SDK/STM32CubeExpansion_IOTA1_V2.0.0/Drivers/BSP/Components/hts221/hts221_reg.c:884:9:hts221_hum_adc_point_0_get	24	static
/Users/cyril/Documents/work/SDK/STM32CubeExpansion_IOTA1_V2.0.0/Drivers/BSP/Components/hts221/hts221_reg.c:903:9:hts221_hum_adc_point_1_get	24	static
/Users/cyril/Documents/work/SDK/STM32CubeExpansion_IOTA1_V2.0.0/Drivers/BSP/Components/hts221/hts221_reg.c:922:9:hts221_temp_adc_point_0_get	24	static
/Users/cyril/Documents/work/SDK/STM32CubeExpansion_IOTA1_V2.0.0/Drivers/BSP/Components/hts221/hts221_reg.c:941:9:hts221_temp_adc_point_1_get	24	static
