/Users/cyril/Documents/work/SDK/STM32CubeExpansion_IOTA1_V2.0.0/Middlewares/ST/STM32_Connect_Library/netif/wifi_if/es_wifi/net_es_wifi.c:110:9:es_wifi_driver	16	static
/Users/cyril/Documents/work/SDK/STM32CubeExpansion_IOTA1_V2.0.0/Middlewares/ST/STM32_Connect_Library/netif/wifi_if/es_wifi/net_es_wifi.c:121:10:es_wifi_if_init	24	static
/Users/cyril/Documents/work/SDK/STM32CubeExpansion_IOTA1_V2.0.0/Middlewares/ST/STM32_Connect_Library/netif/wifi_if/es_wifi/net_es_wifi.c:179:16:es_wifi_if_deinit	16	static
/Users/cyril/Documents/work/SDK/STM32CubeExpansion_IOTA1_V2.0.0/Middlewares/ST/STM32_Connect_Library/netif/wifi_if/es_wifi/net_es_wifi.c:193:9:es_wifi_if_start	32	static
/Users/cyril/Documents/work/SDK/STM32CubeExpansion_IOTA1_V2.0.0/Middlewares/ST/STM32_Connect_Library/netif/wifi_if/es_wifi/net_es_wifi.c:252:16:es_wifi_if_stop	16	static
/Users/cyril/Documents/work/SDK/STM32CubeExpansion_IOTA1_V2.0.0/Middlewares/ST/STM32_Connect_Library/netif/wifi_if/es_wifi/net_es_wifi.c:262:16:es_wifi_if_connect	32	static
/Users/cyril/Documents/work/SDK/STM32CubeExpansion_IOTA1_V2.0.0/Middlewares/ST/STM32_Connect_Library/netif/wifi_if/es_wifi/net_es_wifi.c:300:16:es_wifi_if_disconnect	24	static
/Users/cyril/Documents/work/SDK/STM32CubeExpansion_IOTA1_V2.0.0/Middlewares/ST/STM32_Connect_Library/netif/wifi_if/es_wifi/net_es_wifi.c:313:16:es_wifi_socket	32	static
/Users/cyril/Documents/work/SDK/STM32CubeExpansion_IOTA1_V2.0.0/Middlewares/ST/STM32_Connect_Library/netif/wifi_if/es_wifi/net_es_wifi.c:368:16:es_wifi_bind	32	static
/Users/cyril/Documents/work/SDK/STM32CubeExpansion_IOTA1_V2.0.0/Middlewares/ST/STM32_Connect_Library/netif/wifi_if/es_wifi/net_es_wifi.c:410:16:es_wifi_listen	48	static
/Users/cyril/Documents/work/SDK/STM32CubeExpansion_IOTA1_V2.0.0/Middlewares/ST/STM32_Connect_Library/netif/wifi_if/es_wifi/net_es_wifi.c:438:16:es_wifi_accept	56	static
/Users/cyril/Documents/work/SDK/STM32CubeExpansion_IOTA1_V2.0.0/Middlewares/ST/STM32_Connect_Library/netif/wifi_if/es_wifi/net_es_wifi.c:476:16:es_wifi_connect	56	static
/Users/cyril/Documents/work/SDK/STM32CubeExpansion_IOTA1_V2.0.0/Middlewares/ST/STM32_Connect_Library/netif/wifi_if/es_wifi/net_es_wifi.c:565:16:es_wifi_shutdown	16	static
/Users/cyril/Documents/work/SDK/STM32CubeExpansion_IOTA1_V2.0.0/Middlewares/ST/STM32_Connect_Library/netif/wifi_if/es_wifi/net_es_wifi.c:596:16:es_wifi_close	40	static
/Users/cyril/Documents/work/SDK/STM32CubeExpansion_IOTA1_V2.0.0/Middlewares/ST/STM32_Connect_Library/netif/wifi_if/es_wifi/net_es_wifi.c:642:13:check_connection_lost	16	static
/Users/cyril/Documents/work/SDK/STM32CubeExpansion_IOTA1_V2.0.0/Middlewares/ST/STM32_Connect_Library/netif/wifi_if/es_wifi/net_es_wifi.c:668:16:es_wifi_send	48	static
/Users/cyril/Documents/work/SDK/STM32CubeExpansion_IOTA1_V2.0.0/Middlewares/ST/STM32_Connect_Library/netif/wifi_if/es_wifi/net_es_wifi.c:715:16:es_wifi_recv	48	static
/Users/cyril/Documents/work/SDK/STM32CubeExpansion_IOTA1_V2.0.0/Middlewares/ST/STM32_Connect_Library/netif/wifi_if/es_wifi/net_es_wifi.c:770:16:es_wifi_sendto	96	static
/Users/cyril/Documents/work/SDK/STM32CubeExpansion_IOTA1_V2.0.0/Middlewares/ST/STM32_Connect_Library/netif/wifi_if/es_wifi/net_es_wifi.c:861:16:es_wifi_recvfrom	96	static
/Users/cyril/Documents/work/SDK/STM32CubeExpansion_IOTA1_V2.0.0/Middlewares/ST/STM32_Connect_Library/netif/wifi_if/es_wifi/net_es_wifi.c:957:16:es_wifi_setsockopt	32	static
/Users/cyril/Documents/work/SDK/STM32CubeExpansion_IOTA1_V2.0.0/Middlewares/ST/STM32_Connect_Library/netif/wifi_if/es_wifi/net_es_wifi.c:1113:16:es_wifi_getsockopt	24	static
/Users/cyril/Documents/work/SDK/STM32CubeExpansion_IOTA1_V2.0.0/Middlewares/ST/STM32_Connect_Library/netif/wifi_if/es_wifi/net_es_wifi.c:1118:16:es_wifi_getsockname	24	static
/Users/cyril/Documents/work/SDK/STM32CubeExpansion_IOTA1_V2.0.0/Middlewares/ST/STM32_Connect_Library/netif/wifi_if/es_wifi/net_es_wifi.c:1123:16:es_wifi_getpeername	24	static
/Users/cyril/Documents/work/SDK/STM32CubeExpansion_IOTA1_V2.0.0/Middlewares/ST/STM32_Connect_Library/netif/wifi_if/es_wifi/net_es_wifi.c:1128:16:es_wifi_gethostbyname	48	static
/Users/cyril/Documents/work/SDK/STM32CubeExpansion_IOTA1_V2.0.0/Middlewares/ST/STM32_Connect_Library/netif/wifi_if/es_wifi/net_es_wifi.c:1160:9:es_wifi_ping	56	static
/Users/cyril/Documents/work/SDK/STM32CubeExpansion_IOTA1_V2.0.0/Middlewares/ST/STM32_Connect_Library/netif/wifi_if/es_wifi/net_es_wifi.c:1175:17:es_wifi_scan	16	static
