../../../../../../Middlewares/Third_Party/uthash/utarray.h:234:13:utarray_str_cpy	24	static
../../../../../../Middlewares/Third_Party/uthash/utarray.h:253:13:utarray_str_dtor	24	static
/Users/cyril/Documents/work/SDK/STM32CubeExpansion_IOTA1_V2.0.0/Projects/B-L4S5I-IOT01A/Applications/IOTA-Client/Src/Tests/test_find_message.c:11:6:test_find_msg_by_index	272	static
/Users/cyril/Documents/work/SDK/STM32CubeExpansion_IOTA1_V2.0.0/Projects/B-L4S5I-IOT01A/Applications/IOTA-Client/Src/Tests/test_find_message.c:26:6:test_deser_find_msg	24	static
/Users/cyril/Documents/work/SDK/STM32CubeExpansion_IOTA1_V2.0.0/Projects/B-L4S5I-IOT01A/Applications/IOTA-Client/Src/Tests/test_find_message.c:54:5:test_find_message	8	static
