../../../../../../Middlewares/Third_Party/uthash/utarray.h:234:13:utarray_str_cpy	24	static
../../../../../../Middlewares/Third_Party/uthash/utarray.h:253:13:utarray_str_dtor	24	static
/Users/cyril/Documents/work/SDK/STM32CubeExpansion_IOTA1_V2.0.0/Projects/B-L4S5I-IOT01A/Applications/IOTA-Client/Src/Tests/test_outputs_from_address.c:11:6:test_deser_outputs	40	static
/Users/cyril/Documents/work/SDK/STM32CubeExpansion_IOTA1_V2.0.0/Projects/B-L4S5I-IOT01A/Applications/IOTA-Client/Src/Tests/test_outputs_from_address.c:51:6:test_deser_outputs_err	24	static
/Users/cyril/Documents/work/SDK/STM32CubeExpansion_IOTA1_V2.0.0/Projects/B-L4S5I-IOT01A/Applications/IOTA-Client/Src/Tests/test_outputs_from_address.c:69:6:test_get_output_ids	344	static
/Users/cyril/Documents/work/SDK/STM32CubeExpansion_IOTA1_V2.0.0/Projects/B-L4S5I-IOT01A/Applications/IOTA-Client/Src/Tests/test_outputs_from_address.c:82:5:test_outputs_from_address	8	static
