../../../../../../Middlewares/Third_Party/uthash/utarray.h:234:13:utarray_str_cpy	24	static
../../../../../../Middlewares/Third_Party/uthash/utarray.h:253:13:utarray_str_dtor	24	static
/Users/cyril/Documents/work/SDK/STM32CubeExpansion_IOTA1_V2.0.0/Projects/B-L4S5I-IOT01A/Applications/IOTA-Client/Src/Tests/test_message_builder.c:10:6:test_msg_indexation	72	static
/Users/cyril/Documents/work/SDK/STM32CubeExpansion_IOTA1_V2.0.0/Projects/B-L4S5I-IOT01A/Applications/IOTA-Client/Src/Tests/test_message_builder.c:40:6:test_msg_tx	304	static
/Users/cyril/Documents/work/SDK/STM32CubeExpansion_IOTA1_V2.0.0/Projects/B-L4S5I-IOT01A/Applications/IOTA-Client/Src/Tests/test_message_builder.c:102:5:test_message_builder	8	static
