/Users/cyril/Documents/work/SDK/STM32CubeExpansion_IOTA1_V2.0.0/Projects/B-L4S5I-IOT01A/Applications/IOTA-Client/Src/Tests/test_response_error.c:9:6:test_deser_res_err	24	static
/Users/cyril/Documents/work/SDK/STM32CubeExpansion_IOTA1_V2.0.0/Projects/B-L4S5I-IOT01A/Applications/IOTA-Client/Src/Tests/test_response_error.c:25:6:test_deser_err_msg_not_str	24	static
/Users/cyril/Documents/work/SDK/STM32CubeExpansion_IOTA1_V2.0.0/Projects/B-L4S5I-IOT01A/Applications/IOTA-Client/Src/Tests/test_response_error.c:36:6:test_deser_err_not_obj	24	static
/Users/cyril/Documents/work/SDK/STM32CubeExpansion_IOTA1_V2.0.0/Projects/B-L4S5I-IOT01A/Applications/IOTA-Client/Src/Tests/test_response_error.c:47:5:test_response_error	8	static
