../../../../../../Middlewares/Third_Party/uthash/utarray.h:234:13:utarray_str_cpy	24	static
../../../../../../Middlewares/Third_Party/uthash/utarray.h:253:13:utarray_str_dtor	24	static
../../../../../../Middlewares/Third_Party/IOTA_C/core/types.h:37:20:dump_hex_str	24	static
/Users/cyril/Documents/work/SDK/STM32CubeExpansion_IOTA1_V2.0.0/Projects/B-L4S5I-IOT01A/Applications/IOTA-Client/Src/Tests/test_send_message.c:16:6:test_send_indexation	344	static
/Users/cyril/Documents/work/SDK/STM32CubeExpansion_IOTA1_V2.0.0/Projects/B-L4S5I-IOT01A/Applications/IOTA-Client/Src/Tests/test_send_message.c:26:6:test_send_core_message_indexation	360	static
/Users/cyril/Documents/work/SDK/STM32CubeExpansion_IOTA1_V2.0.0/Projects/B-L4S5I-IOT01A/Applications/IOTA-Client/Src/Tests/test_send_message.c:46:6:test_serialize_indexation	56	static
/Users/cyril/Documents/work/SDK/STM32CubeExpansion_IOTA1_V2.0.0/Projects/B-L4S5I-IOT01A/Applications/IOTA-Client/Src/Tests/test_send_message.c:78:6:test_deser_send_msg_response	88	static
/Users/cyril/Documents/work/SDK/STM32CubeExpansion_IOTA1_V2.0.0/Projects/B-L4S5I-IOT01A/Applications/IOTA-Client/Src/Tests/test_send_message.c:91:6:test_send_core_message_tx	848	static
/Users/cyril/Documents/work/SDK/STM32CubeExpansion_IOTA1_V2.0.0/Projects/B-L4S5I-IOT01A/Applications/IOTA-Client/Src/Tests/test_send_message.c:190:5:test_send_message	8	static
