/Users/cyril/Documents/work/SDK/STM32CubeExpansion_IOTA1_V2.0.0/Projects/B-L4S5I-IOT01A/Applications/IOTA-Client/Src/Wallet/terminal_manager.c:35:6:terminal_cls	8	static
/Users/cyril/Documents/work/SDK/STM32CubeExpansion_IOTA1_V2.0.0/Projects/B-L4S5I-IOT01A/Applications/IOTA-Client/Src/Wallet/terminal_manager.c:46:6:terminal_clear_lines	24	static
/Users/cyril/Documents/work/SDK/STM32CubeExpansion_IOTA1_V2.0.0/Projects/B-L4S5I-IOT01A/Applications/IOTA-Client/Src/Wallet/terminal_manager.c:60:6:terminal_go_to	16	static
/Users/cyril/Documents/work/SDK/STM32CubeExpansion_IOTA1_V2.0.0/Projects/B-L4S5I-IOT01A/Applications/IOTA-Client/Src/Wallet/terminal_manager.c:71:6:terminal_go_and_clear	24	static
/Users/cyril/Documents/work/SDK/STM32CubeExpansion_IOTA1_V2.0.0/Projects/B-L4S5I-IOT01A/Applications/IOTA-Client/Src/Wallet/terminal_manager.c:81:6:terminal_save_cursor	8	static
/Users/cyril/Documents/work/SDK/STM32CubeExpansion_IOTA1_V2.0.0/Projects/B-L4S5I-IOT01A/Applications/IOTA-Client/Src/Wallet/terminal_manager.c:91:6:terminal_delete_back	8	static
/Users/cyril/Documents/work/SDK/STM32CubeExpansion_IOTA1_V2.0.0/Projects/B-L4S5I-IOT01A/Applications/IOTA-Client/Src/Wallet/terminal_manager.c:104:6:terminal_set_color	16	static
/Users/cyril/Documents/work/SDK/STM32CubeExpansion_IOTA1_V2.0.0/Projects/B-L4S5I-IOT01A/Applications/IOTA-Client/Src/Wallet/terminal_manager.c:114:6:terminal_reset_color	8	static
/Users/cyril/Documents/work/SDK/STM32CubeExpansion_IOTA1_V2.0.0/Projects/B-L4S5I-IOT01A/Applications/IOTA-Client/Src/Wallet/terminal_manager.c:130:6:terminal_print_frame	16	static
/Users/cyril/Documents/work/SDK/STM32CubeExpansion_IOTA1_V2.0.0/Projects/B-L4S5I-IOT01A/Applications/IOTA-Client/Src/Wallet/terminal_manager.c:152:6:terminal_print_centered	56	static
/Users/cyril/Documents/work/SDK/STM32CubeExpansion_IOTA1_V2.0.0/Projects/B-L4S5I-IOT01A/Applications/IOTA-Client/Src/Wallet/terminal_manager.c:171:6:terminal_print_delimiter	16	static
/Users/cyril/Documents/work/SDK/STM32CubeExpansion_IOTA1_V2.0.0/Projects/B-L4S5I-IOT01A/Applications/IOTA-Client/Src/Wallet/terminal_manager.c:184:6:terminal_print_delimited	32	static
/Users/cyril/Documents/work/SDK/STM32CubeExpansion_IOTA1_V2.0.0/Projects/B-L4S5I-IOT01A/Applications/IOTA-Client/Src/Wallet/terminal_manager.c:196:6:terminal_print_line	56	dynamic
