/Users/cyril/Documents/work/SDK/STM32CubeExpansion_IOTA1_V2.0.0/Middlewares/Third_Party/Unity/unity.c:80:13:UnityPrintChar	16	static
/Users/cyril/Documents/work/SDK/STM32CubeExpansion_IOTA1_V2.0.0/Middlewares/Third_Party/Unity/unity.c:130:6:UnityPrint	24	static
/Users/cyril/Documents/work/SDK/STM32CubeExpansion_IOTA1_V2.0.0/Middlewares/Third_Party/Unity/unity.c:152:6:UnityPrintLen	24	static
/Users/cyril/Documents/work/SDK/STM32CubeExpansion_IOTA1_V2.0.0/Middlewares/Third_Party/Unity/unity.c:190:6:UnityPrintNumberByStyle	16	static
/Users/cyril/Documents/work/SDK/STM32CubeExpansion_IOTA1_V2.0.0/Middlewares/Third_Party/Unity/unity.c:241:6:UnityPrintNumber	24	static
/Users/cyril/Documents/work/SDK/STM32CubeExpansion_IOTA1_V2.0.0/Middlewares/Third_Party/Unity/unity.c:256:6:UnityPrintNumberUnsigned	24	static
/Users/cyril/Documents/work/SDK/STM32CubeExpansion_IOTA1_V2.0.0/Middlewares/Third_Party/Unity/unity.c:275:6:UnityPrintNumberHex	24	static
/Users/cyril/Documents/work/SDK/STM32CubeExpansion_IOTA1_V2.0.0/Middlewares/Third_Party/Unity/unity.c:301:6:UnityPrintMask	24	static
/Users/cyril/Documents/work/SDK/STM32CubeExpansion_IOTA1_V2.0.0/Middlewares/Third_Party/Unity/unity.c:336:6:UnityPrintFloat	72	static
/Users/cyril/Documents/work/SDK/STM32CubeExpansion_IOTA1_V2.0.0/Middlewares/Third_Party/Unity/unity.c:490:13:UnityTestResultsBegin	16	static
/Users/cyril/Documents/work/SDK/STM32CubeExpansion_IOTA1_V2.0.0/Middlewares/Third_Party/Unity/unity.c:533:13:UnityTestResultsFailBegin	16	static
/Users/cyril/Documents/work/SDK/STM32CubeExpansion_IOTA1_V2.0.0/Middlewares/Third_Party/Unity/unity.c:541:6:UnityConcludeTest	8	static
/Users/cyril/Documents/work/SDK/STM32CubeExpansion_IOTA1_V2.0.0/Middlewares/Third_Party/Unity/unity.c:565:13:UnityAddMsgIfSpecified	16	static
/Users/cyril/Documents/work/SDK/STM32CubeExpansion_IOTA1_V2.0.0/Middlewares/Third_Party/Unity/unity.c:592:13:UnityPrintExpectedAndActualStrings	16	static
/Users/cyril/Documents/work/SDK/STM32CubeExpansion_IOTA1_V2.0.0/Middlewares/Third_Party/Unity/unity.c:619:13:UnityPrintExpectedAndActualStringsLen	24	static
/Users/cyril/Documents/work/SDK/STM32CubeExpansion_IOTA1_V2.0.0/Middlewares/Third_Party/Unity/unity.c:652:12:UnityIsOneArrayNull	24	static
/Users/cyril/Documents/work/SDK/STM32CubeExpansion_IOTA1_V2.0.0/Middlewares/Third_Party/Unity/unity.c:686:6:UnityAssertBits	24	static
/Users/cyril/Documents/work/SDK/STM32CubeExpansion_IOTA1_V2.0.0/Middlewares/Third_Party/Unity/unity.c:707:6:UnityAssertEqualNumber	24	static
/Users/cyril/Documents/work/SDK/STM32CubeExpansion_IOTA1_V2.0.0/Middlewares/Third_Party/Unity/unity.c:728:6:UnityAssertGreaterOrLessOrEqualNumber	32	static
/Users/cyril/Documents/work/SDK/STM32CubeExpansion_IOTA1_V2.0.0/Middlewares/Third_Party/Unity/unity.c:775:6:UnityAssertEqualIntArray	48	static
/Users/cyril/Documents/work/SDK/STM32CubeExpansion_IOTA1_V2.0.0/Middlewares/Third_Party/Unity/unity.c:898:12:UnityFloatsWithin	32	static
/Users/cyril/Documents/work/SDK/STM32CubeExpansion_IOTA1_V2.0.0/Middlewares/Third_Party/Unity/unity.c:905:6:UnityAssertEqualFloatArray	40	static
/Users/cyril/Documents/work/SDK/STM32CubeExpansion_IOTA1_V2.0.0/Middlewares/Third_Party/Unity/unity.c:953:6:UnityAssertFloatsWithin	32	static
/Users/cyril/Documents/work/SDK/STM32CubeExpansion_IOTA1_V2.0.0/Middlewares/Third_Party/Unity/unity.c:972:6:UnityAssertFloatSpecial	64	static
/Users/cyril/Documents/work/SDK/STM32CubeExpansion_IOTA1_V2.0.0/Middlewares/Third_Party/Unity/unity.c:1178:6:UnityAssertNumbersWithin	24	static
/Users/cyril/Documents/work/SDK/STM32CubeExpansion_IOTA1_V2.0.0/Middlewares/Third_Party/Unity/unity.c:1225:6:UnityAssertNumbersArrayWithin	48	static
/Users/cyril/Documents/work/SDK/STM32CubeExpansion_IOTA1_V2.0.0/Middlewares/Third_Party/Unity/unity.c:1345:6:UnityAssertEqualString	32	static
/Users/cyril/Documents/work/SDK/STM32CubeExpansion_IOTA1_V2.0.0/Middlewares/Third_Party/Unity/unity.c:1384:6:UnityAssertEqualStringLen	32	static
/Users/cyril/Documents/work/SDK/STM32CubeExpansion_IOTA1_V2.0.0/Middlewares/Third_Party/Unity/unity.c:1424:6:UnityAssertEqualStringArray	40	static
/Users/cyril/Documents/work/SDK/STM32CubeExpansion_IOTA1_V2.0.0/Middlewares/Third_Party/Unity/unity.c:1503:6:UnityAssertEqualMemory	40	static
/Users/cyril/Documents/work/SDK/STM32CubeExpansion_IOTA1_V2.0.0/Middlewares/Third_Party/Unity/unity.c:1584:20:UnityNumToPtr	16	static
/Users/cyril/Documents/work/SDK/STM32CubeExpansion_IOTA1_V2.0.0/Middlewares/Third_Party/Unity/unity.c:1610:20:UnityFloatToPtr	16	static
/Users/cyril/Documents/work/SDK/STM32CubeExpansion_IOTA1_V2.0.0/Middlewares/Third_Party/Unity/unity.c:1758:6:UnityFail	16	static
/Users/cyril/Documents/work/SDK/STM32CubeExpansion_IOTA1_V2.0.0/Middlewares/Third_Party/Unity/unity.c:1795:6:UnityIgnore	16	static
/Users/cyril/Documents/work/SDK/STM32CubeExpansion_IOTA1_V2.0.0/Middlewares/Third_Party/Unity/unity.c:1811:6:UnityMessage	16	static
/Users/cyril/Documents/work/SDK/STM32CubeExpansion_IOTA1_V2.0.0/Middlewares/Third_Party/Unity/unity.c:1827:6:UnityDefaultTestRun	24	static
/Users/cyril/Documents/work/SDK/STM32CubeExpansion_IOTA1_V2.0.0/Middlewares/Third_Party/Unity/unity.c:1849:6:UnitySetTestFile	16	static
/Users/cyril/Documents/work/SDK/STM32CubeExpansion_IOTA1_V2.0.0/Middlewares/Third_Party/Unity/unity.c:1855:6:UnityBegin	16	static
/Users/cyril/Documents/work/SDK/STM32CubeExpansion_IOTA1_V2.0.0/Middlewares/Third_Party/Unity/unity.c:1871:5:UnityEnd	8	static
