/Users/cyril/Documents/work/SDK/STM32CubeExpansion_IOTA1_V2.0.0/Middlewares/ST/STM32_Connect_Library/core/net_socket.c:36:22:net_socket_get_and_lock	24	static
/Users/cyril/Documents/work/SDK/STM32CubeExpansion_IOTA1_V2.0.0/Middlewares/ST/STM32_Connect_Library/core/net_socket.c:49:13:is_valid_socket	24	static
/Users/cyril/Documents/work/SDK/STM32CubeExpansion_IOTA1_V2.0.0/Middlewares/ST/STM32_Connect_Library/core/net_socket.c:68:16:create_low_level_socket	32	static
/Users/cyril/Documents/work/SDK/STM32CubeExpansion_IOTA1_V2.0.0/Middlewares/ST/STM32_Connect_Library/core/net_socket.c:84:16:check_low_level_socket	24	static
/Users/cyril/Documents/work/SDK/STM32CubeExpansion_IOTA1_V2.0.0/Middlewares/ST/STM32_Connect_Library/core/net_socket.c:97:16:find_free_socket	16	static
/Users/cyril/Documents/work/SDK/STM32CubeExpansion_IOTA1_V2.0.0/Middlewares/ST/STM32_Connect_Library/core/net_socket.c:127:18:clone_socket	24	static
/Users/cyril/Documents/work/SDK/STM32CubeExpansion_IOTA1_V2.0.0/Middlewares/ST/STM32_Connect_Library/core/net_socket.c:153:9:net_socket	32	static
/Users/cyril/Documents/work/SDK/STM32CubeExpansion_IOTA1_V2.0.0/Middlewares/ST/STM32_Connect_Library/core/net_socket.c:178:9:net_bind	40	static
/Users/cyril/Documents/work/SDK/STM32CubeExpansion_IOTA1_V2.0.0/Middlewares/ST/STM32_Connect_Library/core/net_socket.c:234:9:net_accept	40	static
/Users/cyril/Documents/work/SDK/STM32CubeExpansion_IOTA1_V2.0.0/Middlewares/ST/STM32_Connect_Library/core/net_socket.c:290:9:net_listen	24	static
/Users/cyril/Documents/work/SDK/STM32CubeExpansion_IOTA1_V2.0.0/Middlewares/ST/STM32_Connect_Library/core/net_socket.c:335:9:net_connect	32	static
/Users/cyril/Documents/work/SDK/STM32CubeExpansion_IOTA1_V2.0.0/Middlewares/ST/STM32_Connect_Library/core/net_socket.c:426:9:net_send	40	static
/Users/cyril/Documents/work/SDK/STM32CubeExpansion_IOTA1_V2.0.0/Middlewares/ST/STM32_Connect_Library/core/net_socket.c:488:9:net_recv	40	static
/Users/cyril/Documents/work/SDK/STM32CubeExpansion_IOTA1_V2.0.0/Middlewares/ST/STM32_Connect_Library/core/net_socket.c:556:9:net_sendto	48	static
/Users/cyril/Documents/work/SDK/STM32CubeExpansion_IOTA1_V2.0.0/Middlewares/ST/STM32_Connect_Library/core/net_socket.c:609:9:net_recvfrom	48	static
/Users/cyril/Documents/work/SDK/STM32CubeExpansion_IOTA1_V2.0.0/Middlewares/ST/STM32_Connect_Library/core/net_socket.c:663:9:net_shutdown	24	static
/Users/cyril/Documents/work/SDK/STM32CubeExpansion_IOTA1_V2.0.0/Middlewares/ST/STM32_Connect_Library/core/net_socket.c:722:9:net_closesocket	24	static
/Users/cyril/Documents/work/SDK/STM32CubeExpansion_IOTA1_V2.0.0/Middlewares/ST/STM32_Connect_Library/core/net_socket.c:786:9:net_setsockopt	48	static
/Users/cyril/Documents/work/SDK/STM32CubeExpansion_IOTA1_V2.0.0/Middlewares/ST/STM32_Connect_Library/core/net_socket.c:1074:9:net_access_control	32	static
