/Users/cyril/Documents/work/SDK/STM32CubeExpansion_IOTA1_V2.0.0/Drivers/BSP/B-L475E-IOT01/stm32l475e_iot01.c:121:9:BSP_GetVersion	4	static
/Users/cyril/Documents/work/SDK/STM32CubeExpansion_IOTA1_V2.0.0/Drivers/BSP/B-L475E-IOT01/stm32l475e_iot01.c:137:9:BSP_LED_Init	48	static
/Users/cyril/Documents/work/SDK/STM32CubeExpansion_IOTA1_V2.0.0/Drivers/BSP/B-L475E-IOT01/stm32l475e_iot01.c:165:9:BSP_LED_DeInit	40	static
/Users/cyril/Documents/work/SDK/STM32CubeExpansion_IOTA1_V2.0.0/Drivers/BSP/B-L475E-IOT01/stm32l475e_iot01.c:187:9:BSP_LED_On	24	static
/Users/cyril/Documents/work/SDK/STM32CubeExpansion_IOTA1_V2.0.0/Drivers/BSP/B-L475E-IOT01/stm32l475e_iot01.c:203:9:BSP_LED_Off	24	static
/Users/cyril/Documents/work/SDK/STM32CubeExpansion_IOTA1_V2.0.0/Drivers/BSP/B-L475E-IOT01/stm32l475e_iot01.c:219:9:BSP_LED_Toggle	24	static
/Users/cyril/Documents/work/SDK/STM32CubeExpansion_IOTA1_V2.0.0/Drivers/BSP/B-L475E-IOT01/stm32l475e_iot01.c:235:9:BSP_LED_GetState	24	static
/Users/cyril/Documents/work/SDK/STM32CubeExpansion_IOTA1_V2.0.0/Drivers/BSP/B-L475E-IOT01/stm32l475e_iot01.c:264:9:BSP_PB_Init	56	static
/Users/cyril/Documents/work/SDK/STM32CubeExpansion_IOTA1_V2.0.0/Drivers/BSP/B-L475E-IOT01/stm32l475e_iot01.c:322:9:BSP_PB_DeInit	40	static
/Users/cyril/Documents/work/SDK/STM32CubeExpansion_IOTA1_V2.0.0/Drivers/BSP/B-L475E-IOT01/stm32l475e_iot01.c:340:9:BSP_PB_GetState	24	static
/Users/cyril/Documents/work/SDK/STM32CubeExpansion_IOTA1_V2.0.0/Drivers/BSP/B-L475E-IOT01/stm32l475e_iot01.c:354:13:BSP_PB_Callback	16	static
/Users/cyril/Documents/work/SDK/STM32CubeExpansion_IOTA1_V2.0.0/Drivers/BSP/B-L475E-IOT01/stm32l475e_iot01.c:370:6:BSP_PB_IRQHandler	16	static
/Users/cyril/Documents/work/SDK/STM32CubeExpansion_IOTA1_V2.0.0/Drivers/BSP/B-L475E-IOT01/stm32l475e_iot01.c:392:9:BSP_COM_Init	24	static
/Users/cyril/Documents/work/SDK/STM32CubeExpansion_IOTA1_V2.0.0/Drivers/BSP/B-L475E-IOT01/stm32l475e_iot01.c:446:9:BSP_COM_DeInit	24	static
/Users/cyril/Documents/work/SDK/STM32CubeExpansion_IOTA1_V2.0.0/Drivers/BSP/B-L475E-IOT01/stm32l475e_iot01.c:566:26:MX_USART1_Init	16	static
/Users/cyril/Documents/work/SDK/STM32CubeExpansion_IOTA1_V2.0.0/Drivers/BSP/B-L475E-IOT01/stm32l475e_iot01.c:587:26:MX_UART4_Init	16	static
/Users/cyril/Documents/work/SDK/STM32CubeExpansion_IOTA1_V2.0.0/Drivers/BSP/B-L475E-IOT01/stm32l475e_iot01.c:619:13:BUTTON_USER_EXTI_Callback	8	static
/Users/cyril/Documents/work/SDK/STM32CubeExpansion_IOTA1_V2.0.0/Drivers/BSP/B-L475E-IOT01/stm32l475e_iot01.c:630:13:UART_MspInit	96	static
/Users/cyril/Documents/work/SDK/STM32CubeExpansion_IOTA1_V2.0.0/Drivers/BSP/B-L475E-IOT01/stm32l475e_iot01.c:677:13:UART_MspDeInit	48	static
