/Users/cyril/Documents/work/SDK/STM32CubeExpansion_IOTA1_V2.0.0/Drivers/BSP/B-L475E-IOT01/stm32l475e_iot01_bus.c:152:9:BSP_I2C2_Init	16	static
/Users/cyril/Documents/work/SDK/STM32CubeExpansion_IOTA1_V2.0.0/Drivers/BSP/B-L475E-IOT01/stm32l475e_iot01_bus.c:200:9:BSP_I2C2_DeInit	16	static
/Users/cyril/Documents/work/SDK/STM32CubeExpansion_IOTA1_V2.0.0/Drivers/BSP/B-L475E-IOT01/stm32l475e_iot01_bus.c:232:9:BSP_I2C2_WriteReg	32	static
/Users/cyril/Documents/work/SDK/STM32CubeExpansion_IOTA1_V2.0.0/Drivers/BSP/B-L475E-IOT01/stm32l475e_iot01_bus.c:245:9:BSP_I2C2_ReadReg	32	static
/Users/cyril/Documents/work/SDK/STM32CubeExpansion_IOTA1_V2.0.0/Drivers/BSP/B-L475E-IOT01/stm32l475e_iot01_bus.c:258:9:BSP_I2C2_WriteReg16	32	static
/Users/cyril/Documents/work/SDK/STM32CubeExpansion_IOTA1_V2.0.0/Drivers/BSP/B-L475E-IOT01/stm32l475e_iot01_bus.c:271:9:BSP_I2C2_ReadReg16	32	static
/Users/cyril/Documents/work/SDK/STM32CubeExpansion_IOTA1_V2.0.0/Drivers/BSP/B-L475E-IOT01/stm32l475e_iot01_bus.c:282:9:BSP_I2C2_IsReady	24	static
/Users/cyril/Documents/work/SDK/STM32CubeExpansion_IOTA1_V2.0.0/Drivers/BSP/B-L475E-IOT01/stm32l475e_iot01_bus.c:359:26:MX_I2C2_Init	16	static
/Users/cyril/Documents/work/SDK/STM32CubeExpansion_IOTA1_V2.0.0/Drivers/BSP/B-L475E-IOT01/stm32l475e_iot01_bus.c:377:9:BSP_SPI1_Init	16	static
/Users/cyril/Documents/work/SDK/STM32CubeExpansion_IOTA1_V2.0.0/Drivers/BSP/B-L475E-IOT01/stm32l475e_iot01_bus.c:426:9:BSP_SPI1_DeInit	16	static
/Users/cyril/Documents/work/SDK/STM32CubeExpansion_IOTA1_V2.0.0/Drivers/BSP/B-L475E-IOT01/stm32l475e_iot01_bus.c:456:9:BSP_SPI1_Send	24	static
/Users/cyril/Documents/work/SDK/STM32CubeExpansion_IOTA1_V2.0.0/Drivers/BSP/B-L475E-IOT01/stm32l475e_iot01_bus.c:473:10:BSP_SPI1_Recv	24	static
/Users/cyril/Documents/work/SDK/STM32CubeExpansion_IOTA1_V2.0.0/Drivers/BSP/B-L475E-IOT01/stm32l475e_iot01_bus.c:491:9:BSP_SPI1_SendRecv	40	static
/Users/cyril/Documents/work/SDK/STM32CubeExpansion_IOTA1_V2.0.0/Drivers/BSP/B-L475E-IOT01/stm32l475e_iot01_bus.c:567:26:MX_SPI1_Init	16	static
/Users/cyril/Documents/work/SDK/STM32CubeExpansion_IOTA1_V2.0.0/Drivers/BSP/B-L475E-IOT01/stm32l475e_iot01_bus.c:588:9:BSP_GetTick	16	static
/Users/cyril/Documents/work/SDK/STM32CubeExpansion_IOTA1_V2.0.0/Drivers/BSP/B-L475E-IOT01/stm32l475e_iot01_bus.c:607:13:I2C2_MspInit	48	static
/Users/cyril/Documents/work/SDK/STM32CubeExpansion_IOTA1_V2.0.0/Drivers/BSP/B-L475E-IOT01/stm32l475e_iot01_bus.c:648:13:I2C2_MspDeInit	16	static
/Users/cyril/Documents/work/SDK/STM32CubeExpansion_IOTA1_V2.0.0/Drivers/BSP/B-L475E-IOT01/stm32l475e_iot01_bus.c:670:16:I2C2_WriteReg	48	static
/Users/cyril/Documents/work/SDK/STM32CubeExpansion_IOTA1_V2.0.0/Drivers/BSP/B-L475E-IOT01/stm32l475e_iot01_bus.c:712:16:I2C2_ReadReg	48	static
/Users/cyril/Documents/work/SDK/STM32CubeExpansion_IOTA1_V2.0.0/Drivers/BSP/B-L475E-IOT01/stm32l475e_iot01_bus.c:751:17:I2C_GetTiming	808	static
/Users/cyril/Documents/work/SDK/STM32CubeExpansion_IOTA1_V2.0.0/Drivers/BSP/B-L475E-IOT01/stm32l475e_iot01_bus.c:968:13:SPI1_MspInit	56	static
/Users/cyril/Documents/work/SDK/STM32CubeExpansion_IOTA1_V2.0.0/Drivers/BSP/B-L475E-IOT01/stm32l475e_iot01_bus.c:1021:13:SPI1_MspDeInit	16	static
/Users/cyril/Documents/work/SDK/STM32CubeExpansion_IOTA1_V2.0.0/Drivers/BSP/B-L475E-IOT01/stm32l475e_iot01_bus.c:1041:17:SPI_GetPrescaler	32	static
